<?xml version="1.0" encoding="UTF-8"?>
<testsuites name="jest tests" tests="7" failures="0" errors="0" time="1.433">
  <testsuite name="PokeAPI — Unhappy paths &amp; edge cases" errors="0" failures="0" skipped="0" timestamp="2025-09-14T10:44:34" time="1.309" tests="7">
    <testcase classname="PokeAPI — Unhappy paths &amp; edge cases GET /pokemon/nonexistentmon returns 404" name="PokeAPI — Unhappy paths &amp; edge cases GET /pokemon/nonexistentmon returns 404" time="0.165">
    </testcase>
    <testcase classname="PokeAPI — Unhappy paths &amp; edge cases GET /pokemon/100000 returns 404 (id out of range)" name="PokeAPI — Unhappy paths &amp; edge cases GET /pokemon/100000 returns 404 (id out of range)" time="0.12">
    </testcase>
    <testcase classname="PokeAPI — Unhappy paths &amp; edge cases Invalid query values are handled (negative offset)" name="PokeAPI — Unhappy paths &amp; edge cases Invalid query values are handled (negative offset)" time="0.034">
    </testcase>
    <testcase classname="PokeAPI — Unhappy paths &amp; edge cases Zero limit is coerced to default page size (not empty)" name="PokeAPI — Unhappy paths &amp; edge cases Zero limit is coerced to default page size (not empty)" time="0.027">
    </testcase>
    <testcase classname="PokeAPI — Unhappy paths &amp; edge cases Unsupported method (POST) returns 404/405" name="PokeAPI — Unhappy paths &amp; edge cases Unsupported method (POST) returns 404/405" time="0.183">
    </testcase>
    <testcase classname="PokeAPI — Unhappy paths &amp; edge cases Weird characters in path are safely rejected" name="PokeAPI — Unhappy paths &amp; edge cases Weird characters in path are safely rejected" time="0.193">
    </testcase>
    <testcase classname="PokeAPI — Unhappy paths &amp; edge cases If rate-limited/transient error occurs, it is surfaced" name="PokeAPI — Unhappy paths &amp; edge cases If rate-limited/transient error occurs, it is surfaced" time="0.029">
    </testcase>
  </testsuite>
</testsuites>